// Jest Snapshot v1, https://goo.gl/fbAQLP

exports[`renders the whole app without crashing 1`] = `"<rctsafeareaview style=\\"background-color: transparent;\\"><view style=\\"background-color: rgb(144, 80, 186); height: 100%;\\"><view></view><view><view style=\\"position: relative; width: 100%; height: 100%;\\"><view style=\\"top: 0px; z-index: 1000; width: 100%;\\"><view><view style=\\"width: 90%; opacity: 1;\\"><image resizemode=\\"contain\\" source=\\"1\\"></image></view><view style=\\"width: 35px; height: 35px;\\"><view style=\\"height: 3px; margin-left: 0px; width: 25px; margin-bottom: 0px; background-color: rgb(98, 196, 108);\\"></view><view style=\\"height: 3px; width: 25px; opacity: 1; background-color: rgb(98, 196, 108); margin-top: 4px;\\"></view><view style=\\"height: 3px; margin-left: 0px; width: 25px; background-color: rgb(98, 196, 108); margin-top: 4px;\\"></view></view></view></view><view style=\\"margin: 0px; height: 116px; width: 100%;\\"></view><view><view><text ellipsizemode=\\"tail\\">Choose a course:</text></view><view><view style=\\"elevation: 100px; width: 45%;\\"><view><view><view style=\\"margin: 10px; width: 120px; height: 120px; border-radius: 60px; border-width: 2px; border-color: white; opacity: 1;\\"><view style=\\"width: 100%; height: 100%; position: absolute; opacity: 1;\\"><image source=\\"1\\" style=\\"width: 40px; height: 80px;\\"></image></view></view><view style=\\"position: absolute; width: 136px; height: 136px;\\"><view style=\\"position: absolute; top: 10px; left: 68px; background-color: white; width: 0px; height: 0px; border-radius: 10px;\\"></view><view style=\\"position: absolute; top: 68px; left: 126px; background-color: white; width: 0px; height: 0px; border-radius: 10px;\\"></view><view style=\\"position: absolute; top: 126px; left: 68px; background-color: white; width: 0px; height: 0px; border-radius: 10px;\\"></view><view style=\\"position: absolute; top: 68px; left: 10px; background-color: white; width: 0px; height: 0px; border-radius: 10px;\\"></view></view></view></view><view style=\\"margin-bottom: 20px;\\"><text style=\\"color: white; text-align: center; font-size: 16px; opacity: 1;\\" ellipsizemode=\\"tail\\">Chemistry</text></view></view><view style=\\"elevation: 100px; width: 45%;\\"><view><view><view style=\\"margin: 10px; width: 120px; height: 120px; border-radius: 60px; border-width: 2px; border-color: white; opacity: 1;\\"><view style=\\"width: 100%; height: 100%; position: absolute; opacity: 1;\\"><image source=\\"1\\" style=\\"width: 35px; height: 70px;\\"></image></view></view><view style=\\"position: absolute; width: 136px; height: 136px;\\"><view style=\\"position: absolute; top: 10px; left: 68px; background-color: white; width: 0px; height: 0px; border-radius: 10px;\\"></view><view style=\\"position: absolute; top: 68px; left: 126px; background-color: white; width: 0px; height: 0px; border-radius: 10px;\\"></view><view style=\\"position: absolute; top: 126px; left: 68px; background-color: white; width: 0px; height: 0px; border-radius: 10px;\\"></view><view style=\\"position: absolute; top: 68px; left: 10px; background-color: white; width: 0px; height: 0px; border-radius: 10px;\\"></view></view></view></view><view style=\\"margin-bottom: 20px;\\"><text style=\\"color: white; text-align: center; font-size: 16px; opacity: 1;\\" ellipsizemode=\\"tail\\">Biology</text></view></view></view></view></view></view></view></rctsafeareaview>"`;
